// Jest Snapshot v1, https://goo.gl/fbAQLP

exports[`does component render 1`] = `
<DocumentFragment>
  <div>
    <label
      for="test"
    >
      <input
        autocomplete="on"
        class="sc-bwzfXH uTxCW"
        rows="1"
      />
    </label>
  </div>
</DocumentFragment>
`;
